#################################################################
# If you used AutoDock Vina in your work, please cite:          #
#                                                               #
# O. Trott, A. J. Olson,                                        #
# AutoDock Vina: improving the speed and accuracy of docking    #
# with a new scoring function, efficient optimization and       #
# multithreading, Journal of Computational Chemistry 31 (2010)  #
# 455-461                                                       #
#                                                               #
# DOI 10.1002/jcc.21334                                         #
#                                                               #
# Please see http://vina.scripps.edu for more information.      #
#################################################################

Detected 16 CPUs
Reading input ... done.
Setting up the scoring function ... done.
Analyzing the binding site ... done.
Using random seed: 1931889588
Performing search ... done.
Refining results ... done.

mode |   affinity | dist from best mode
     | (kcal/mol) | rmsd l.b.| rmsd u.b.
-----+------------+----------+----------
   1        -10.5      0.000      0.000
   2        -10.5      1.044      2.698
   3         -9.8      1.413      2.222
   4         -9.7      1.468      3.396
   5         -9.5      3.794      7.339
   6         -9.4      2.141      3.703
   7         -9.1      1.915      3.314
   8         -9.1      0.780      2.079
   9         -9.0      2.216      3.151
  10         -9.0      4.832      8.065
  11         -8.9      3.861      7.082
  12         -8.8      2.044      3.476
  13         -8.8      1.031      3.416
  14         -8.8      2.532      4.198
  15         -8.8      4.293      7.082
  16         -8.7      4.467      7.351
  17         -8.6      3.877      7.088
  18         -8.5      4.447      7.350
  19         -8.4      3.691      6.330
  20         -8.2      4.429      7.638
Writing output ... done.
