#################################################################
# If you used AutoDock Vina in your work, please cite:          #
#                                                               #
# O. Trott, A. J. Olson,                                        #
# AutoDock Vina: improving the speed and accuracy of docking    #
# with a new scoring function, efficient optimization and       #
# multithreading, Journal of Computational Chemistry 31 (2010)  #
# 455-461                                                       #
#                                                               #
# DOI 10.1002/jcc.21334                                         #
#                                                               #
# Please see http://vina.scripps.edu for more information.      #
#################################################################

Detected 16 CPUs
Reading input ... done.
Setting up the scoring function ... done.
Analyzing the binding site ... done.
Using random seed: 1657682834
Performing search ... done.
Refining results ... done.

mode |   affinity | dist from best mode
     | (kcal/mol) | rmsd l.b.| rmsd u.b.
-----+------------+----------+----------
   1         -9.5      0.000      0.000
   2         -9.5      1.268      1.834
   3         -9.2      1.240      2.101
   4         -9.1      3.218      8.440
   5         -9.1      1.969      3.075
   6         -9.0      2.769      7.878
   7         -8.8      1.603      2.219
   8         -8.8      1.535      2.507
   9         -8.7      2.276      3.652
  10         -8.6      1.908      3.149
  11         -8.6      4.905      9.921
  12         -8.6      4.168     10.598
  13         -8.6      2.294      3.687
  14         -8.5      3.435      9.611
  15         -8.5      4.420      6.200
  16         -8.5      2.380      3.938
  17         -8.4      2.974      8.615
  18         -8.4      2.125      3.175
  19         -8.3      2.196      3.271
  20         -8.3      4.849      9.262
Writing output ... done.
