#################################################################
# If you used AutoDock Vina in your work, please cite:          #
#                                                               #
# O. Trott, A. J. Olson,                                        #
# AutoDock Vina: improving the speed and accuracy of docking    #
# with a new scoring function, efficient optimization and       #
# multithreading, Journal of Computational Chemistry 31 (2010)  #
# 455-461                                                       #
#                                                               #
# DOI 10.1002/jcc.21334                                         #
#                                                               #
# Please see http://vina.scripps.edu for more information.      #
#################################################################

Detected 16 CPUs
Reading input ... done.
Setting up the scoring function ... done.
Analyzing the binding site ... done.
Using random seed: 1133387811
Performing search ... done.
Refining results ... done.

mode |   affinity | dist from best mode
     | (kcal/mol) | rmsd l.b.| rmsd u.b.
-----+------------+----------+----------
   1        -10.4      0.000      0.000
   2        -10.3      0.677      1.412
   3         -9.6      4.820      6.800
   4         -8.6      5.292      7.406
   5         -8.6      3.851      5.777
   6         -8.5      4.581      6.946
   7         -8.4      4.894      7.253
   8         -8.3      5.229      7.598
   9         -8.3      1.457      2.586
  10         -8.1      3.623      5.161
  11         -8.1      4.867      7.326
  12         -7.9      5.057      7.103
  13         -7.7      5.331      7.683
  14         -7.6      2.267      3.612
  15         -7.6      4.599      6.361
  16         -7.5      2.977      4.056
  17         -7.4      4.258      5.930
  18         -7.3      5.705      8.196
  19         -7.3      5.113      6.823
Writing output ... done.
